diagram: flowchart (flowchart LR)
direction: LR

nodes:
  user       label="Reader"                 shape=rect      
  app        label="App"                    shape=rect      
  idp        label="Identity Provider"      shape=rect      

edges:
  e0   user -> app style=normal head=arrow
  e1   app -> idp style=normal head=arrow
  e2   idp -> user style=normal head=arrow

storyboard "What the reader sees"
  frame signin       img="frames/signin.svg"          caption="The app's sign-in page"
  frame idp_form     img="frames/idp-form.png"        caption="The provider's credential form"

storyboard ""
  frame consent      img=""                           caption="A consent screen the mock does not draw"

scenario "sign in"
  step land "The reader opens the app"
    flow user -> app {dur="500ms"}
    scene signin
  step redirect "The app hands off to the provider"
    flow app -> idp {dur="600ms"}
    scene idp_form
  step consented "They approve the scopes"
    scene consent {dur="400ms"}
  step back "And land back signed in"
    flow idp -> user {dur="500ms"}
